// Vitest Snapshot v1, https://vitest.dev/guide/snapshot.html

exports[`App > should initialize the app 1`] = `
{
  "asFragment": [Function],
  "baseElement": <body>
    <div>
      <div
        class="container"
      >
        <div
          class="row"
        >
          <div
            class="col-md-12"
          >
            <div
              class="container"
            >
              <div
                class="row"
              >
                <div
                  class="d-flex justify-content-center col-sm-12"
                >
                  <h3>
                    Employee Polls
                  </h3>
                </div>
              </div>
              <div
                class="row"
              >
                <div
                  class="d-flex justify-content-center col-sm-12"
                >
                  <h3
                    data-testid="login-heading"
                  >
                    Login
                  </h3>
                </div>
              </div>
              <div
                class="row"
              >
                <div
                  class="col-sm-12"
                >
                  <form
                    class=""
                  >
                    <div
                      class="mb-3"
                    >
                      <label
                        class="form-label"
                        for="username"
                      >
                        User
                      </label>
                      <input
                        class="form-control"
                        data-testid="username"
                        id="username"
                        placeholder="User"
                        type="text"
                        value=""
                      />
                    </div>
                    <div
                      class="mb-3"
                    >
                      <label
                        class="form-label"
                        for="password"
                      >
                        Password
                      </label>
                      <input
                        class="form-control"
                        data-testid="password"
                        id="password"
                        placeholder="Password"
                        type="password"
                        value=""
                      />
                    </div>
                    <button
                      class="btn btn-light"
                      data-testid="submit"
                      type="submit"
                    >
                      Login
                    </button>
                  </form>
                </div>
              </div>
            </div>
          </div>
        </div>
      </div>
    </div>
  </body>,
  "container": <div>
    <div
      class="container"
    >
      <div
        class="row"
      >
        <div
          class="col-md-12"
        >
          <div
            class="container"
          >
            <div
              class="row"
            >
              <div
                class="d-flex justify-content-center col-sm-12"
              >
                <h3>
                  Employee Polls
                </h3>
              </div>
            </div>
            <div
              class="row"
            >
              <div
                class="d-flex justify-content-center col-sm-12"
              >
                <h3
                  data-testid="login-heading"
                >
                  Login
                </h3>
              </div>
            </div>
            <div
              class="row"
            >
              <div
                class="col-sm-12"
              >
                <form
                  class=""
                >
                  <div
                    class="mb-3"
                  >
                    <label
                      class="form-label"
                      for="username"
                    >
                      User
                    </label>
                    <input
                      class="form-control"
                      data-testid="username"
                      id="username"
                      placeholder="User"
                      type="text"
                      value=""
                    />
                  </div>
                  <div
                    class="mb-3"
                  >
                    <label
                      class="form-label"
                      for="password"
                    >
                      Password
                    </label>
                    <input
                      class="form-control"
                      data-testid="password"
                      id="password"
                      placeholder="Password"
                      type="password"
                      value=""
                    />
                  </div>
                  <button
                    class="btn btn-light"
                    data-testid="submit"
                    type="submit"
                  >
                    Login
                  </button>
                </form>
              </div>
            </div>
          </div>
        </div>
      </div>
    </div>
  </div>,
  "debug": [Function],
  "findAllByAltText": [Function],
  "findAllByDisplayValue": [Function],
  "findAllByLabelText": [Function],
  "findAllByPlaceholderText": [Function],
  "findAllByRole": [Function],
  "findAllByTestId": [Function],
  "findAllByText": [Function],
  "findAllByTitle": [Function],
  "findByAltText": [Function],
  "findByDisplayValue": [Function],
  "findByLabelText": [Function],
  "findByPlaceholderText": [Function],
  "findByRole": [Function],
  "findByTestId": [Function],
  "findByText": [Function],
  "findByTitle": [Function],
  "getAllByAltText": [Function],
  "getAllByDisplayValue": [Function],
  "getAllByLabelText": [Function],
  "getAllByPlaceholderText": [Function],
  "getAllByRole": [Function],
  "getAllByTestId": [Function],
  "getAllByText": [Function],
  "getAllByTitle": [Function],
  "getByAltText": [Function],
  "getByDisplayValue": [Function],
  "getByLabelText": [Function],
  "getByPlaceholderText": [Function],
  "getByRole": [Function],
  "getByTestId": [Function],
  "getByText": [Function],
  "getByTitle": [Function],
  "queryAllByAltText": [Function],
  "queryAllByDisplayValue": [Function],
  "queryAllByLabelText": [Function],
  "queryAllByPlaceholderText": [Function],
  "queryAllByRole": [Function],
  "queryAllByTestId": [Function],
  "queryAllByText": [Function],
  "queryAllByTitle": [Function],
  "queryByAltText": [Function],
  "queryByDisplayValue": [Function],
  "queryByLabelText": [Function],
  "queryByPlaceholderText": [Function],
  "queryByRole": [Function],
  "queryByTestId": [Function],
  "queryByText": [Function],
  "queryByTitle": [Function],
  "rerender": [Function],
  "unmount": [Function],
}
`;
